[0.008s] Invoking command in '/home/brayan/ros2_ws/src/pladypos/build/pladypos': CMAKE_PREFIX_PATH=${CMAKE_PREFIX_PATH}:/home/brayan/ros2_ws/install/neroFly:/opt/ros/jazzy DEBUGINFOD_URLS=https://debuginfod.ubuntu.com VIRTUAL_ENV_PROMPT=(venv-ardupilot) /usr/bin/cmake --build /home/brayan/ros2_ws/src/pladypos/build/pladypos -- -j16 -l16
[0.031s] -- Found ament_cmake: 2.5.5 (/opt/ros/jazzy/share/ament_cmake/cmake)
[0.183s] -- Found rclpy: 7.1.9 (/opt/ros/jazzy/share/rclpy/cmake)
[0.183s] -- Found sensor_msgs: 5.3.6 (/opt/ros/jazzy/share/sensor_msgs/cmake)
[0.200s] -- Found rosidl_generator_c: 4.6.7 (/opt/ros/jazzy/share/rosidl_generator_c/cmake)
[0.205s] -- Found rosidl_generator_cpp: 4.6.7 (/opt/ros/jazzy/share/rosidl_generator_cpp/cmake)
[0.211s] -- Using all available rosidl_typesupport_c: rosidl_typesupport_fastrtps_c;rosidl_typesupport_introspection_c
[0.219s] -- Using all available rosidl_typesupport_cpp: rosidl_typesupport_fastrtps_cpp;rosidl_typesupport_introspection_cpp
[0.382s] -- Configuring done (0.4s)
[0.384s] -- Generating done (0.0s)
[0.385s] -- Build files have been written to: /home/brayan/ros2_ws/src/pladypos/build/pladypos
[0.419s] Built target ament_cmake_python_copy_pladypos
[0.579s] running egg_info
[0.593s] writing pladypos.egg-info/PKG-INFO
[0.593s] writing dependency_links to pladypos.egg-info/dependency_links.txt
[0.593s] writing top-level names to pladypos.egg-info/top_level.txt
[0.636s] reading manifest file 'pladypos.egg-info/SOURCES.txt'
[0.637s] writing manifest file 'pladypos.egg-info/SOURCES.txt'
[0.658s] Built target ament_cmake_python_build_pladypos_egg
[0.664s] Invoked command in '/home/brayan/ros2_ws/src/pladypos/build/pladypos' returned '0': CMAKE_PREFIX_PATH=${CMAKE_PREFIX_PATH}:/home/brayan/ros2_ws/install/neroFly:/opt/ros/jazzy DEBUGINFOD_URLS=https://debuginfod.ubuntu.com VIRTUAL_ENV_PROMPT=(venv-ardupilot) /usr/bin/cmake --build /home/brayan/ros2_ws/src/pladypos/build/pladypos -- -j16 -l16
[0.671s] Invoking command in '/home/brayan/ros2_ws/src/pladypos/build/pladypos': CMAKE_PREFIX_PATH=${CMAKE_PREFIX_PATH}:/home/brayan/ros2_ws/install/neroFly:/opt/ros/jazzy DEBUGINFOD_URLS=https://debuginfod.ubuntu.com VIRTUAL_ENV_PROMPT=(venv-ardupilot) /usr/bin/cmake --install /home/brayan/ros2_ws/src/pladypos/build/pladypos
[0.676s] -- Install configuration: ""
[0.676s] -- Up-to-date: /home/brayan/ros2_ws/src/pladypos/install/pladypos/share/pladypos/environment/pythonpath.sh
[0.676s] -- Up-to-date: /home/brayan/ros2_ws/src/pladypos/install/pladypos/share/pladypos/environment/pythonpath.dsv
[0.676s] -- Up-to-date: /home/brayan/ros2_ws/src/pladypos/install/pladypos/lib/python3.12/site-packages/pladypos-1.0.0-py3.12.egg-info
[0.676s] -- Installing: /home/brayan/ros2_ws/src/pladypos/install/pladypos/lib/python3.12/site-packages/pladypos-1.0.0-py3.12.egg-info/PKG-INFO
[0.676s] -- Installing: /home/brayan/ros2_ws/src/pladypos/install/pladypos/lib/python3.12/site-packages/pladypos-1.0.0-py3.12.egg-info/top_level.txt
[0.676s] -- Installing: /home/brayan/ros2_ws/src/pladypos/install/pladypos/lib/python3.12/site-packages/pladypos-1.0.0-py3.12.egg-info/SOURCES.txt
[0.676s] -- Installing: /home/brayan/ros2_ws/src/pladypos/install/pladypos/lib/python3.12/site-packages/pladypos-1.0.0-py3.12.egg-info/dependency_links.txt
[0.676s] -- Up-to-date: /home/brayan/ros2_ws/src/pladypos/install/pladypos/lib/python3.12/site-packages/pladypos
[0.676s] -- Up-to-date: /home/brayan/ros2_ws/src/pladypos/install/pladypos/lib/python3.12/site-packages/pladypos/__init__.py
[0.702s] Listing '/home/brayan/ros2_ws/src/pladypos/install/pladypos/lib/python3.12/site-packages/pladypos'...
[0.705s] -- Up-to-date: /home/brayan/ros2_ws/src/pladypos/install/pladypos/lib/pladypos/imu_driver.py
[0.705s] -- Up-to-date: /home/brayan/ros2_ws/src/pladypos/install/pladypos/share/pladypos/launch
[0.705s] -- Up-to-date: /home/brayan/ros2_ws/src/pladypos/install/pladypos/share/pladypos/launch/usv_core.launch.py
[0.705s] -- Installing: /home/brayan/ros2_ws/src/pladypos/install/pladypos/share/ament_index/resource_index/package_run_dependencies/pladypos
[0.706s] -- Up-to-date: /home/brayan/ros2_ws/src/pladypos/install/pladypos/share/ament_index/resource_index/parent_prefix_path/pladypos
[0.706s] -- Up-to-date: /home/brayan/ros2_ws/src/pladypos/install/pladypos/share/pladypos/environment/ament_prefix_path.sh
[0.706s] -- Up-to-date: /home/brayan/ros2_ws/src/pladypos/install/pladypos/share/pladypos/environment/ament_prefix_path.dsv
[0.706s] -- Up-to-date: /home/brayan/ros2_ws/src/pladypos/install/pladypos/share/pladypos/environment/path.sh
[0.706s] -- Up-to-date: /home/brayan/ros2_ws/src/pladypos/install/pladypos/share/pladypos/environment/path.dsv
[0.706s] -- Up-to-date: /home/brayan/ros2_ws/src/pladypos/install/pladypos/share/pladypos/local_setup.bash
[0.706s] -- Up-to-date: /home/brayan/ros2_ws/src/pladypos/install/pladypos/share/pladypos/local_setup.sh
[0.706s] -- Up-to-date: /home/brayan/ros2_ws/src/pladypos/install/pladypos/share/pladypos/local_setup.zsh
[0.706s] -- Up-to-date: /home/brayan/ros2_ws/src/pladypos/install/pladypos/share/pladypos/local_setup.dsv
[0.706s] -- Installing: /home/brayan/ros2_ws/src/pladypos/install/pladypos/share/pladypos/package.dsv
[0.706s] -- Up-to-date: /home/brayan/ros2_ws/src/pladypos/install/pladypos/share/ament_index/resource_index/packages/pladypos
[0.706s] -- Up-to-date: /home/brayan/ros2_ws/src/pladypos/install/pladypos/share/pladypos/cmake/pladyposConfig.cmake
[0.706s] -- Up-to-date: /home/brayan/ros2_ws/src/pladypos/install/pladypos/share/pladypos/cmake/pladyposConfig-version.cmake
[0.706s] -- Installing: /home/brayan/ros2_ws/src/pladypos/install/pladypos/share/pladypos/package.xml
[0.707s] Invoked command in '/home/brayan/ros2_ws/src/pladypos/build/pladypos' returned '0': CMAKE_PREFIX_PATH=${CMAKE_PREFIX_PATH}:/home/brayan/ros2_ws/install/neroFly:/opt/ros/jazzy DEBUGINFOD_URLS=https://debuginfod.ubuntu.com VIRTUAL_ENV_PROMPT=(venv-ardupilot) /usr/bin/cmake --install /home/brayan/ros2_ws/src/pladypos/build/pladypos
