-- The C compiler identification is GNU 13.3.0
-- The CXX compiler identification is GNU 13.3.0
-- Detecting C compiler ABI info
-- Detecting C compiler ABI info - done
-- Check for working C compiler: /usr/lib/ccache/cc - skipped
-- Detecting C compile features
-- Detecting C compile features - done
-- Detecting CXX compiler ABI info
-- Detecting CXX compiler ABI info - done
-- Check for working CXX compiler: /usr/lib/ccache/c++ - skipped
-- Detecting CXX compile features
-- Detecting CXX compile features - done
-- Found ament_cmake: 2.5.5 (/opt/ros/jazzy/share/ament_cmake/cmake)
-- Found Python3: /home/brayan/venv-ardupilot/bin/python3 (found version "3.12.3") found components: Interpreter 
-- Found rclcpp: 28.1.16 (/opt/ros/jazzy/share/rclcpp/cmake)
-- Found rosidl_generator_c: 4.6.7 (/opt/ros/jazzy/share/rosidl_generator_c/cmake)
-- Found rosidl_generator_cpp: 4.6.7 (/opt/ros/jazzy/share/rosidl_generator_cpp/cmake)
-- Using all available rosidl_typesupport_c: rosidl_typesupport_fastrtps_c;rosidl_typesupport_introspection_c
-- Using all available rosidl_typesupport_cpp: rosidl_typesupport_fastrtps_cpp;rosidl_typesupport_introspection_cpp
-- Found rmw_implementation_cmake: 7.3.3 (/opt/ros/jazzy/share/rmw_implementation_cmake/cmake)
-- Found rmw_fastrtps_cpp: 8.4.3 (/opt/ros/jazzy/share/rmw_fastrtps_cpp/cmake)
-- Found OpenSSL: /home/brayan/com_bebop_ws/install/ros2_parrot_arsdk/lib/libcrypto.so (found version "2.0.0")  
-- Found FastRTPS: /opt/ros/jazzy/include (Required is at least version "2.13") 
-- Using RMW implementation 'rmw_fastrtps_cpp' as default
-- Found rclpy: 7.1.9 (/opt/ros/jazzy/share/rclpy/cmake)
-- Found std_msgs: 5.3.6 (/opt/ros/jazzy/share/std_msgs/cmake)
-- Found geometry_msgs: 5.3.6 (/opt/ros/jazzy/share/geometry_msgs/cmake)
-- Found sensor_msgs: 5.3.6 (/opt/ros/jazzy/share/sensor_msgs/cmake)
-- Found nav_msgs: 5.3.6 (/opt/ros/jazzy/share/nav_msgs/cmake)
-- Found tf2: 0.36.19 (/opt/ros/jazzy/share/tf2/cmake)
-- Found tf2_ros: 0.36.19 (/opt/ros/jazzy/share/tf2_ros/cmake)
-- Configuring done (1.0s)
-- Generating done (0.0s)
-- Build files have been written to: /home/brayan/ros2_ws/src/pladypos/build/pladypos
Built target ament_cmake_python_copy_pladypos
running egg_info
creating pladypos.egg-info
writing pladypos.egg-info/PKG-INFO
writing dependency_links to pladypos.egg-info/dependency_links.txt
writing top-level names to pladypos.egg-info/top_level.txt
writing manifest file 'pladypos.egg-info/SOURCES.txt'
reading manifest file 'pladypos.egg-info/SOURCES.txt'
writing manifest file 'pladypos.egg-info/SOURCES.txt'
Built target ament_cmake_python_build_pladypos_egg
-- Install configuration: ""
-- Installing: /home/brayan/ros2_ws/src/pladypos/install/pladypos/share/pladypos/environment/pythonpath.sh
-- Installing: /home/brayan/ros2_ws/src/pladypos/install/pladypos/share/pladypos/environment/pythonpath.dsv
-- Installing: /home/brayan/ros2_ws/src/pladypos/install/pladypos/lib/python3.12/site-packages/pladypos-1.0.0-py3.12.egg-info
-- Installing: /home/brayan/ros2_ws/src/pladypos/install/pladypos/lib/python3.12/site-packages/pladypos-1.0.0-py3.12.egg-info/PKG-INFO
-- Installing: /home/brayan/ros2_ws/src/pladypos/install/pladypos/lib/python3.12/site-packages/pladypos-1.0.0-py3.12.egg-info/top_level.txt
-- Installing: /home/brayan/ros2_ws/src/pladypos/install/pladypos/lib/python3.12/site-packages/pladypos-1.0.0-py3.12.egg-info/SOURCES.txt
-- Installing: /home/brayan/ros2_ws/src/pladypos/install/pladypos/lib/python3.12/site-packages/pladypos-1.0.0-py3.12.egg-info/dependency_links.txt
-- Installing: /home/brayan/ros2_ws/src/pladypos/install/pladypos/lib/python3.12/site-packages/pladypos
-- Installing: /home/brayan/ros2_ws/src/pladypos/install/pladypos/lib/python3.12/site-packages/pladypos/__init__.py
Listing '/home/brayan/ros2_ws/src/pladypos/install/pladypos/lib/python3.12/site-packages/pladypos'...
Compiling '/home/brayan/ros2_ws/src/pladypos/install/pladypos/lib/python3.12/site-packages/pladypos/__init__.py'...
